-
    - info
    - 'Verifying if there is a pending registration from SP'
    - {  }
-
    - info
    - 'Verify valid public key credential response'
    - {  }
-
    - info
    - 'Verify if there is an existing public key credential creation options in session'
    - {  }
-
    - warning
    - 'No pending public key credential creation options in session'
    - {  }
