-
    - info
    - 'Verifying if there is a pending registration from SP'
    - {  }
-
    - warning
    - 'Registration is not required'
    - {  }
